HTTP/1.1 500 Internal Server Error
Server: WebSphere Application Server/5.1
Content-Type: text/xml; charset=utf-8
Content-Language: en-US
Transfer-Encoding: chunked

###
<?xml version="1.0" encoding="UTF-8"?>
<soapenv:Envelope xmlns:soapenv="http://schemas.xmlsoap.org/soap/envelope/" xmlns:soapenc="http://schemas.xmlsoap.org/soap/encoding/" xmlns:xsd="http://www.w3.org/2001/XMLSchema" xmlns:xsi="http://www.w3.org/2001/XMLSchema-instance"><soapenv:Body><soapenv:Fault><faultcode xmlns="">Server.generalException</faultcode><faultstring xmlns=""><![CDATA[java.lang.NullPointerException]]></faultstring><detail xmlns=""/></soapenv:Fault></soapenv:Body></soapenv:Envelope>
0

