Client Log file name = Client.taw
XML Parser is  matched
HTTP Transport is matched
HTTP Channel lib is matched
5
---------------------- TEST COMPLETE -----------------------------
