
 Using service at http://127.0.0.1:13260/axis/Calculator

5
