Calling the Service...
Value1->NonChoiceIntValue = 5
Value1->IntValue = 5
Value1->NonChoiceStringValue = NonChoiceStringValue
