request successful
7
namepair return
never odd or even
request successful
7
namepair return
attrlist->m_list-item[0] was NULL

0


request successful
7
namepair return
Apache
---------------------- TEST COMPLETE -----------------------------
