Result field3 is = I am still here!
---------------------- TEST COMPLETE -----------------------------
