Result field1 is = Hello World!
---------------------- TEST COMPLETE -----------------------------