HTTP/1.1 200 OK
Server: WebSphere Application Server/5.1
Content-Type: text/xml; charset=utf-8
Content-Language: en-GB
Set-Cookie: LtpaToken2=1234567890abcdefghijklmnopqrstuvwxyz; Path=/ 
Set-Cookie: LtpaToken==+yOkBBuvLtTaiuBDkfgy3W6mZraGn7V5Dzp; Path=/ 
Set-Cookie: JSESSIONID=0000EyvJyGOS-2e9nlRijFiwKSR:-1; Path=/ 
Transfer-Encoding: chunked

###
<?xml version="1.0" encoding="utf-8"?>
<soapenv:Envelope xmlns:soapenv="http://schemas.xmlsoap.org/soap/envelope/" xmlns:soapenc="http://schemas.xmlsoap.org/soap/encoding/" xmlns:xsd="http://www.w3.org/2001/XMLSchema" xmlns:xsi="http://www.w3.org/2001/XMLSchema-instance"><soapenv:Header/><soapenv:Body><addResponse xmlns="http://localhost/axis/Calculator"><addReturn>5</addReturn></addResponse></soapenv:Body></soapenv:Envelope>
0

HTTP/1.1 200 OK
Server: WebSphere Application Server/5.1
Content-Type: text/xml; charset=utf-8
Content-Language: en-GB
Transfer-Encoding: chunked

###
<?xml version="1.0" encoding="utf-8"?>
<soapenv:Envelope xmlns:soapenv="http://schemas.xmlsoap.org/soap/envelope/" xmlns:soapenc="http://schemas.xmlsoap.org/soap/encoding/" xmlns:xsd="http://www.w3.org/2001/XMLSchema" xmlns:xsi="http://www.w3.org/2001/XMLSchema-instance"><soapenv:Header/><soapenv:Body><addResponse xmlns="http://localhost/axis/Calculator"><addReturn>5</addReturn></addResponse></soapenv:Body></soapenv:Envelope>
0

HTTP/1.1 200 OK
Server: WebSphere Application Server/5.1
Content-Type: text/xml; charset=utf-8
Content-Language: en-GB
Transfer-Encoding: chunked

###
<?xml version="1.0" encoding="utf-8"?>
<soapenv:Envelope xmlns:soapenv="http://schemas.xmlsoap.org/soap/envelope/" xmlns:soapenc="http://schemas.xmlsoap.org/soap/encoding/" xmlns:xsd="http://www.w3.org/2001/XMLSchema" xmlns:xsi="http://www.w3.org/2001/XMLSchema-instance"><soapenv:Header/><soapenv:Body><addResponse xmlns="http://localhost/axis/Calculator"><addReturn>5</addReturn></addResponse></soapenv:Body></soapenv:Envelope>
0

HTTP/1.1 200 OK
Server: WebSphere Application Server/5.1
Content-Type: text/xml; charset=utf-8
Content-Language: en-GB
Transfer-Encoding: chunked

###
<?xml version="1.0" encoding="utf-8"?>
<soapenv:Envelope xmlns:soapenv="http://schemas.xmlsoap.org/soap/envelope/" xmlns:soapenc="http://schemas.xmlsoap.org/soap/encoding/" xmlns:xsd="http://www.w3.org/2001/XMLSchema" xmlns:xsi="http://www.w3.org/2001/XMLSchema-instance"><soapenv:Header/><soapenv:Body><addResponse xmlns="http://localhost/axis/Calculator"><addReturn>5</addReturn></addResponse></soapenv:Body></soapenv:Envelope>
0

HTTP/1.1 200 OK
Server: WebSphere Application Server/5.1
Content-Type: text/xml; charset=utf-8
Content-Language: en-GB
Transfer-Encoding: chunked

###
<?xml version="1.0" encoding="utf-8"?>
<soapenv:Envelope xmlns:soapenv="http://schemas.xmlsoap.org/soap/envelope/" xmlns:soapenc="http://schemas.xmlsoap.org/soap/encoding/" xmlns:xsd="http://www.w3.org/2001/XMLSchema" xmlns:xsi="http://www.w3.org/2001/XMLSchema-instance"><soapenv:Header/><soapenv:Body><addResponse xmlns="http://localhost/axis/Calculator"><addReturn>5</addReturn></addResponse></soapenv:Body></soapenv:Envelope>
0

HTTP/1.1 200 OK
Server: WebSphere Application Server/5.1
Content-Type: text/xml; charset=utf-8
Content-Language: en-GB
Transfer-Encoding: chunked

###
<?xml version="1.0" encoding="utf-8"?>
<soapenv:Envelope xmlns:soapenv="http://schemas.xmlsoap.org/soap/envelope/" xmlns:soapenc="http://schemas.xmlsoap.org/soap/encoding/" xmlns:xsd="http://www.w3.org/2001/XMLSchema" xmlns:xsi="http://www.w3.org/2001/XMLSchema-instance"><soapenv:Header/><soapenv:Body><addResponse xmlns="http://localhost/axis/Calculator"><addReturn>5</addReturn></addResponse></soapenv:Body></soapenv:Envelope>
0

HTTP/1.1 200 OK
Server: WebSphere Application Server/5.1
Content-Type: text/xml; charset=utf-8
Content-Language: en-GB
Transfer-Encoding: chunked

###
<?xml version="1.0" encoding="utf-8"?>
<soapenv:Envelope xmlns:soapenv="http://schemas.xmlsoap.org/soap/envelope/" xmlns:soapenc="http://schemas.xmlsoap.org/soap/encoding/" xmlns:xsd="http://www.w3.org/2001/XMLSchema" xmlns:xsi="http://www.w3.org/2001/XMLSchema-instance"><soapenv:Header/><soapenv:Body><addResponse xmlns="http://localhost/axis/Calculator"><addReturn>5</addReturn></addResponse></soapenv:Body></soapenv:Envelope>
0

HTTP/1.1 200 OK
Server: WebSphere Application Server/5.1
Content-Type: text/xml; charset=utf-8
Content-Language: en-GB
Transfer-Encoding: chunked

###
<?xml version="1.0" encoding="utf-8"?>
<soapenv:Envelope xmlns:soapenv="http://schemas.xmlsoap.org/soap/envelope/" xmlns:soapenc="http://schemas.xmlsoap.org/soap/encoding/" xmlns:xsd="http://www.w3.org/2001/XMLSchema" xmlns:xsi="http://www.w3.org/2001/XMLSchema-instance"><soapenv:Header/><soapenv:Body><addResponse xmlns="http://localhost/axis/Calculator"><addReturn>5</addReturn></addResponse></soapenv:Body></soapenv:Envelope>
0