0
0
Header Attribute Uri = http://axis.apache.com
Child Node Attribute Uri = http://axis.apache.com
5
---------------------- TEST COMPLETE -----------------------------
