Result
2097152
---------------------- TEST COMPLETE -----------------------------
