0 : Test type
0 : Test type
0 : Test type
0 : Test type
0 : Test type
0 : Test type
0 : Test type
0 : Test type
0 : Test type
0 : Test type
----------------------------------TEST COMPLETE--------------------------------
