The letter information for: 0100
To:      John Smith
Date:    Tue Nov 29 00:00:00 2005
OrderNo: 1032

The letter information for: 0100
To:      John Smith
Date:    Tue Nov 29 00:00:00 2005
OrderNo: 1032
---------------------- TEST COMPLETE -----------------------------
