HTTP/1.1 200 OK
Server: WebSphere Application Server/5.1
Content-Type: text/xml; charset=utf-8
Content-Language: en-GB
Transfer-Encoding: chunked

0

HTTP/1.1 200 OK
Server: WebSphere Application Server/5.1
Content-Type: text/xml; charset=utf-8
Content-Language: en-GB
Transfer-Encoding: chunked

0

