37 6 7
43 13 17
---------------------- TEST COMPLETE -----------------------------
