About to create FaultPropertyType
About to create setresprops
created c
about to set the props
About to call get
Got a result FaultPropertyType
Got a result Properties
b=102
---------------------- TEST COMPLETE -----------------------------
