invoking echoIntArray...
successful 
---------------------- TEST COMPLETE -----------------------------
