invoking echoBooleanArray...
successful 
invoking echoIntArray...
successful 
invoking echoLongArray...
successful 
invoking echoFloatArray...
successful 
invoking echoDoubleArray...
successful 
invoking echoStringArray...
successful 
---------------------- TEST COMPLETE -----------------------------
