in AxisException block
Exception :  HTTPTransportException:Channel error connection timeout before receiving Channel error: connection timed out before receving
---------------------- TEST COMPLETE -----------------------------
