POST /XSD_dateTime/services/XSD_dateTimeSOAP HTTP/1.1
Host: localhost:13260
Content-Type: text/xml; charset=UTF-8
SOAPAction: "XSD_dateTime#asNonNillableElement"
Content-Length: 452

<?xml version='1.0' encoding='utf-8' ?>
<SOAP-ENV:Envelope xmlns:SOAP-ENV="http://schemas.xmlsoap.org/soap/envelope/" xmlns:xsd="http://www.w3.org/2001/XMLSchema" xmlns:xsi="http://www.w3.org/2001/XMLSchema-instance">
<SOAP-ENV:Body>
<ns1:AsNonNillableElementRequest xmlns:ns1="http://xsd_dateTime.test.apache.org">
<nonNillableElement>2004-11-12T07:58:43Z</nonNillableElement>
</ns1:AsNonNillableElementRequest>
</SOAP-ENV:Body>
</SOAP-ENV:Envelope>

POST /XSD_dateTime/services/XSD_dateTimeSOAP HTTP/1.1
Host: localhost:13260
Content-Type: text/xml; charset=UTF-8
SOAPAction: "XSD_dateTime#asNonNillableElement"
Content-Length: 440

<?xml version='1.0' encoding='utf-8' ?>
<SOAP-ENV:Envelope xmlns:SOAP-ENV="http://schemas.xmlsoap.org/soap/envelope/" xmlns:xsd="http://www.w3.org/2001/XMLSchema" xmlns:xsi="http://www.w3.org/2001/XMLSchema-instance">
<SOAP-ENV:Body>
<ns1:asNillableElementRequest xmlns:ns1="http://xsd_dateTime.test.apache.org">
<nillableElement>2004-11-12T07:58:43Z</nillableElement>
</ns1:asNillableElementRequest>
</SOAP-ENV:Body>
</SOAP-ENV:Envelope>

POST /XSD_dateTime/services/XSD_dateTimeSOAP HTTP/1.1
Host: localhost:13260
Content-Type: text/xml; charset=UTF-8
SOAPAction: "XSD_dateTime#asNonNillableElement"
Content-Length: 435

<?xml version='1.0' encoding='utf-8' ?>
<SOAP-ENV:Envelope xmlns:SOAP-ENV="http://schemas.xmlsoap.org/soap/envelope/" xmlns:xsd="http://www.w3.org/2001/XMLSchema" xmlns:xsi="http://www.w3.org/2001/XMLSchema-instance">
<SOAP-ENV:Body>
<ns1:asNillableElementRequest xmlns:ns1="http://xsd_dateTime.test.apache.org">
<nillableElement xsi:nil="true"></nillableElement>
</ns1:asNillableElementRequest>
</SOAP-ENV:Body>
</SOAP-ENV:Envelope>

POST /XSD_dateTime/services/XSD_dateTimeSOAP HTTP/1.1
Host: localhost:13260
Content-Type: text/xml; charset=UTF-8
SOAPAction: "XSD_dateTime#asNonNillableElement"
Content-Length: 483

<?xml version='1.0' encoding='utf-8' ?>
<SOAP-ENV:Envelope xmlns:SOAP-ENV="http://schemas.xmlsoap.org/soap/envelope/" xmlns:xsd="http://www.w3.org/2001/XMLSchema" xmlns:xsi="http://www.w3.org/2001/XMLSchema-instance">
<SOAP-ENV:Body>
<ns1:asRequiredAttributeRequest xmlns:ns1="http://xsd_dateTime.test.apache.org">
<RequiredAttributeElement requiredAttribute="2004-11-12T07:58:43Z"></RequiredAttributeElement>
</ns1:asRequiredAttributeRequest>
</SOAP-ENV:Body>
</SOAP-ENV:Envelope>

POST /XSD_dateTime/services/XSD_dateTimeSOAP HTTP/1.1
Host: localhost:13260
Content-Type: text/xml; charset=UTF-8
SOAPAction: "XSD_dateTime#asNonNillableElement"
Content-Length: 464

<?xml version='1.0' encoding='utf-8' ?>
<SOAP-ENV:Envelope xmlns:SOAP-ENV="http://schemas.xmlsoap.org/soap/envelope/" xmlns:xsd="http://www.w3.org/2001/XMLSchema" xmlns:xsi="http://www.w3.org/2001/XMLSchema-instance">
<SOAP-ENV:Body>
<ns1:asArrayRequest xmlns:ns1="http://xsd_dateTime.test.apache.org">
<arrayElement>2004-11-12T07:58:43Z</arrayElement>
<arrayElement>2004-11-12T07:58:43Z</arrayElement>
</ns1:asArrayRequest>
</SOAP-ENV:Body>
</SOAP-ENV:Envelope>

POST /XSD_dateTime/services/XSD_dateTimeSOAP HTTP/1.1
Host: localhost:13260
Content-Type: text/xml; charset=UTF-8
SOAPAction: "XSD_dateTime#asNonNillableElement"
Content-Length: 486

<?xml version='1.0' encoding='utf-8' ?>
<SOAP-ENV:Envelope xmlns:SOAP-ENV="http://schemas.xmlsoap.org/soap/envelope/" xmlns:xsd="http://www.w3.org/2001/XMLSchema" xmlns:xsi="http://www.w3.org/2001/XMLSchema-instance">
<SOAP-ENV:Body>
<ns1:asComplexTypeRequest xmlns:ns1="http://xsd_dateTime.test.apache.org">
<SimpleComplexType><ns1:complexTypeElement>2004-11-12T07:58:43Z</ns1:complexTypeElement>
</SimpleComplexType>
</ns1:asComplexTypeRequest>
</SOAP-ENV:Body>
</SOAP-ENV:Envelope>

