HTTP/1.1 200 OK
Server: WebSphere Application Server/5.1
Content-Type: text/xml; charset=utf-8
Content-Language: en-GB
Transfer-Encoding: chunked

###
<?xml version="1.0" encoding="utf-8"?>
<soapenv:Envelope xmlns:soapenv="http://schemas.xmlsoap.org/soap/envelope/" xmlns:soapenc="http://schemas.xmlsoap.org/soap/encoding/" 	xmlns:xsd="http://www.w3.org/2001/XMLSchema" 	xmlns:xsi="http://www.w3.org/2001/XMLSchema-instance"><soapenv:Header /><soapenv:Body><asNonNillableElementResponse xmlns="http://xsd_double.test.apache.org"><nonNillableElement>70.717589</nonNillableElement></asNonNillableElementResponse></soapenv:Body></soapenv:Envelope>
0

HTTP/1.1 200 OK
Server: WebSphere Application Server/5.1
Content-Type: text/xml; charset=utf-8
Content-Language: en-GB
Transfer-Encoding: chunked

###
<?xml version="1.0" encoding="utf-8"?>
<soapenv:Envelope xmlns:soapenv="http://schemas.xmlsoap.org/soap/envelope/" xmlns:soapenc="http://schemas.xmlsoap.org/soap/encoding/" xmlns:xsd="http://www.w3.org/2001/XMLSchema" xmlns:xsi="http://www.w3.org/2001/XMLSchema-instance"><soapenv:Header /><soapenv:Body><asNillableElementResponse xmlns="http://xsd_double.test.apache.org"><nillableElement>70.717589</nillableElement></asNillableElementResponse></soapenv:Body></soapenv:Envelope>
0

HTTP/1.1 200 OK
Server: WebSphere Application Server/5.1
Content-Type: text/xml; charset=utf-8
Content-Language: en-GB
Transfer-Encoding: chunked

###
<?xml version="1.0" encoding="utf-8"?>
<soapenv:Envelope xmlns:soapenv="http://schemas.xmlsoap.org/soap/envelope/" xmlns:soapenc="http://schemas.xmlsoap.org/soap/encoding/" xmlns:xsd="http://www.w3.org/2001/XMLSchema" xmlns:xsi="http://www.w3.org/2001/XMLSchema-instance"><soapenv:Header /><soapenv:Body><asNillableElementResponse xmlns="http://xsd_double.test.apache.org"><nillableElement xsi:nil="true" /></asNillableElementResponse></soapenv:Body></soapenv:Envelope>
0

HTTP/1.1 200 OK
Server: WebSphere Application Server/5.1
Content-Type: text/xml; charset=utf-8
Content-Language: en-GB
Transfer-Encoding: chunked

###
<?xml version="1.0" encoding="utf-8"?>
<soapenv:Envelope xmlns:soapenv="http://schemas.xmlsoap.org/soap/envelope/" xmlns:soapenc="http://schemas.xmlsoap.org/soap/encoding/" xmlns:xsd="http://www.w3.org/2001/XMLSchema" xmlns:xsi="http://www.w3.org/2001/XMLSchema-instance"><soapenv:Header /><soapenv:Body><asRequiredAttributeResponse xmlns="http://xsd_double.test.apache.org"><RequiredAttributeElement requiredAttribute="70.717589" /></asRequiredAttributeResponse></soapenv:Body></soapenv:Envelope>
0

HTTP/1.1 200 OK
Server: WebSphere Application Server/5.1
Content-Type: text/xml; charset=utf-8
Content-Language: en-GB
Transfer-Encoding: chunked

###
<?xml version="1.0" encoding="utf-8"?>
<soapenv:Envelope xmlns:soapenv="http://schemas.xmlsoap.org/soap/envelope/" xmlns:soapenc="http://schemas.xmlsoap.org/soap/encoding/" xmlns:xsd="http://www.w3.org/2001/XMLSchema" xmlns:xsi="http://www.w3.org/2001/XMLSchema-instance"><soapenv:Header /><soapenv:Body><asArrayResponse xmlns="http://xsd_double.test.apache.org"><arrayElement>70.717589</arrayElement><arrayElement>70.717589</arrayElement></asArrayResponse></soapenv:Body></soapenv:Envelope>
0

HTTP/1.1 200 OK
Server: WebSphere Application Server/5.1
Content-Type: text/xml; charset=utf-8
Content-Language: en-GB
Transfer-Encoding: chunked

###
<?xml version="1.0" encoding="utf-8"?>
<soapenv:Envelope xmlns:soapenv="http://schemas.xmlsoap.org/soap/envelope/" xmlns:soapenc="http://schemas.xmlsoap.org/soap/encoding/" xmlns:xsd="http://www.w3.org/2001/XMLSchema" xmlns:xsi="http://www.w3.org/2001/XMLSchema-instance"><soapenv:Header /><soapenv:Body><asComplexTypeResponse xmlns="http://xsd_double.test.apache.org"><SimpleComplexType><complexTypeElement>70.717589</complexTypeElement></SimpleComplexType></asComplexTypeResponse></soapenv:Body></soapenv:Envelope>
0

