POST /XSD_gYearMonth/services/XSD_gYearMonthSOAP HTTP/1.1
Host: localhost:13260
Content-Type: text/xml; charset=UTF-8
SOAPAction: "XSD_gYearMonth#asNonNillableElement"
Content-Length: 442

<?xml version='1.0' encoding='utf-8' ?>
<SOAP-ENV:Envelope xmlns:SOAP-ENV="http://schemas.xmlsoap.org/soap/envelope/" xmlns:xsd="http://www.w3.org/2001/XMLSchema" xmlns:xsi="http://www.w3.org/2001/XMLSchema-instance">
<SOAP-ENV:Body>
<ns1:AsNonNillableElementRequest xmlns:ns1="http://xsd_gYearMonth.test.apache.org">
<nonNillableElement>2004-11Z</nonNillableElement>
</ns1:AsNonNillableElementRequest>
</SOAP-ENV:Body>
</SOAP-ENV:Envelope>

POST /XSD_gYearMonth/services/XSD_gYearMonthSOAP HTTP/1.1
Host: localhost:13260
Content-Type: text/xml; charset=UTF-8
SOAPAction: "XSD_gYearMonth#asNonNillableElement"
Content-Length: 430

<?xml version='1.0' encoding='utf-8' ?>
<SOAP-ENV:Envelope xmlns:SOAP-ENV="http://schemas.xmlsoap.org/soap/envelope/" xmlns:xsd="http://www.w3.org/2001/XMLSchema" xmlns:xsi="http://www.w3.org/2001/XMLSchema-instance">
<SOAP-ENV:Body>
<ns1:asNillableElementRequest xmlns:ns1="http://xsd_gYearMonth.test.apache.org">
<nillableElement>2004-11Z</nillableElement>
</ns1:asNillableElementRequest>
</SOAP-ENV:Body>
</SOAP-ENV:Envelope>

POST /XSD_gYearMonth/services/XSD_gYearMonthSOAP HTTP/1.1
Host: localhost:13260
Content-Type: text/xml; charset=UTF-8
SOAPAction: "XSD_gYearMonth#asNonNillableElement"
Content-Length: 437

<?xml version='1.0' encoding='utf-8' ?>
<SOAP-ENV:Envelope xmlns:SOAP-ENV="http://schemas.xmlsoap.org/soap/envelope/" xmlns:xsd="http://www.w3.org/2001/XMLSchema" xmlns:xsi="http://www.w3.org/2001/XMLSchema-instance">
<SOAP-ENV:Body>
<ns1:asNillableElementRequest xmlns:ns1="http://xsd_gYearMonth.test.apache.org">
<nillableElement xsi:nil="true"></nillableElement>
</ns1:asNillableElementRequest>
</SOAP-ENV:Body>
</SOAP-ENV:Envelope>

POST /XSD_gYearMonth/services/XSD_gYearMonthSOAP HTTP/1.1
Host: localhost:13260
Content-Type: text/xml; charset=UTF-8
SOAPAction: "XSD_gYearMonth#asNonNillableElement"
Content-Length: 473

<?xml version='1.0' encoding='utf-8' ?>
<SOAP-ENV:Envelope xmlns:SOAP-ENV="http://schemas.xmlsoap.org/soap/envelope/" xmlns:xsd="http://www.w3.org/2001/XMLSchema" xmlns:xsi="http://www.w3.org/2001/XMLSchema-instance">
<SOAP-ENV:Body>
<ns1:asRequiredAttributeRequest xmlns:ns1="http://xsd_gYearMonth.test.apache.org">
<RequiredAttributeElement requiredAttribute="2004-11Z"></RequiredAttributeElement>
</ns1:asRequiredAttributeRequest>
</SOAP-ENV:Body>
</SOAP-ENV:Envelope>

POST /XSD_gYearMonth/services/XSD_gYearMonthSOAP HTTP/1.1
Host: localhost:13260
Content-Type: text/xml; charset=UTF-8
SOAPAction: "XSD_gYearMonth#asNonNillableElement"
Content-Length: 442

<?xml version='1.0' encoding='utf-8' ?>
<SOAP-ENV:Envelope xmlns:SOAP-ENV="http://schemas.xmlsoap.org/soap/envelope/" xmlns:xsd="http://www.w3.org/2001/XMLSchema" xmlns:xsi="http://www.w3.org/2001/XMLSchema-instance">
<SOAP-ENV:Body>
<ns1:asArrayRequest xmlns:ns1="http://xsd_gYearMonth.test.apache.org">
<arrayElement>2004-11Z</arrayElement>
<arrayElement>2004-11Z</arrayElement>
</ns1:asArrayRequest>
</SOAP-ENV:Body>
</SOAP-ENV:Envelope>

POST /XSD_gYearMonth/services/XSD_gYearMonthSOAP HTTP/1.1
Host: localhost:13260
Content-Type: text/xml; charset=UTF-8
SOAPAction: "XSD_gYearMonth#asNonNillableElement"
Content-Length: 476

<?xml version='1.0' encoding='utf-8' ?>
<SOAP-ENV:Envelope xmlns:SOAP-ENV="http://schemas.xmlsoap.org/soap/envelope/" xmlns:xsd="http://www.w3.org/2001/XMLSchema" xmlns:xsi="http://www.w3.org/2001/XMLSchema-instance">
<SOAP-ENV:Body>
<ns1:asComplexTypeRequest xmlns:ns1="http://xsd_gYearMonth.test.apache.org">
<SimpleComplexType><ns1:complexTypeElement>2004-11Z</ns1:complexTypeElement>
</SimpleComplexType>
</ns1:asComplexTypeRequest>
</SOAP-ENV:Body>
</SOAP-ENV:Envelope>

