required attribute=A simple test message!
empty required attribute=<empty>
---------------------- TEST COMPLETE -----------------------------
